$ poetry run sg_bookkeeper
Starting global asyncio event loop thread...
Asyncio event loop <_UnixSelectorEventLoop running=False closed=False debug=False> started in thread AsyncioLoopThread and set as current.
Global asyncio event loop <_UnixSelectorEventLoop running=True closed=False debug=False> confirmed running in dedicated thread.
Successfully imported compiled Qt resources (resources_rc.py).
Using compiled Qt resources.
2025-05-29 21:39:06,153 - SGBookkeeperAppCore - INFO - ApplicationCore initialized.
2025-05-29 21:39:06,153 - SGBookkeeperAppCore - INFO - ApplicationCore starting up...
ModuleManager: load_all_modules called (conceptual).
2025-05-29 21:39:06,266 - SGBookkeeperAppCore - INFO - ApplicationCore startup complete.
2025-05-29 21:39:06,567 - SGBookkeeperAppCore - INFO - Using compiled Qt resources for JournalEntriesWidget.
2025-05-29 21:39:06,575 - SGBookkeeperAppCore - INFO - Using compiled Qt resources for SalesInvoicesWidget.
2025-05-29 21:39:06,579 - SGBookkeeperAppCore - INFO - Using compiled Qt resources for CustomersWidget.
2025-05-29 21:39:06,581 - SGBookkeeperAppCore - INFO - Using compiled Qt resources for VendorsWidget.
2025-05-29 21:39:06,584 - SGBookkeeperAppCore - INFO - Using compiled Qt resources for ProductsWidget.
Application shutting down (actual_shutdown_sequence)...
Scheduling ApplicationCore shutdown...
2025-05-29 21:39:53,190 - SGBookkeeperAppCore - INFO - ApplicationCore shutting down...
2025-05-29 21:39:53,195 - SGBookkeeperAppCore - INFO - ApplicationCore shutdown complete.
ApplicationCore shutdown completed.
Requesting global asyncio event loop to stop...
Joining asyncio event loop thread...
Asyncio event loop from dedicated thread has been stopped and closed.
Asyncio event loop thread joined.
Application shutdown process finalized.

